
> my-portfilo@0.0.0 build
> vite build

[36mvite v8.0.10 [32mbuilding client environment for production...[36m[39m
[2K
transforming...Γ£ô 2161 modules transformed.
rendering chunks...
node.exe : [31mΓ£ù[39m Build failed in 508ms
At C:\Program Files\nodejs\npm.ps1:29 char:3
+   & $NODE_EXE $NPM_CLI_JS $args
+   ~~~~~~~~~~~~~~~~~~~~~~~~~~~~~
    + CategoryInfo          : NotSpecified: ([31mΓ£ù[39m Build failed in 508ms:String) [], RemoteException
    + FullyQualifiedErrorId : NativeCommandError
 
[31merror during build:
[31mBuild failed with 2 errors:

[31m[MISSING_EXPORT] Error:[0m "SiAdobephotoshop" is not exported by "node_modules/react-icons/si/index.mjs".
   [38;5;246mΓò¡[0m[38;5;246mΓöÇ[0m[38;5;246m[[0m src/pages/Home/Home.jsx:6:10 [38;5;246m][0m
   [38;5;246mΓöé[0m
 [38;5;246m6 Γöé[0m 
[38;5;249mi[0m[38;5;249mm[0m[38;5;249mp[0m[38;5;249mo[0m[38;5;249mr[0m[38;5;249mt[0m[38;5;249m 
[0m[38;5;249m{[0m[38;5;249m [0mSiAdobephotoshop[38;5;249m,[0m[38;5;249m [0m[38;5;249mS[0m[38;5;249mi[0m[3
8;5;249mO[0m[38;5;249mr[0m[38;5;249ma[0m[38;5;249mc[0m[38;5;249ml[0m[38;5;249me[0m[38;5;249m,[0m[38;5;249
m [0m[38;5;249mS[0m[38;5;249mi[0m[38;5;249mF[0m[38;5;249mi[0m[38;5;249mg[0m[38;5;249mm[0m[38;5;249ma[0m
[38;5;249m [0m[38;5;249m}[0m[38;5;249m 
[0m[38;5;249mf[0m[38;5;249mr[0m[38;5;249mo[0m[38;5;249mm[0m[38;5;249m [0m[38;5;249m"[0m[38;5;249mr[0m[3
8;5;249me[0m[38;5;249ma[0m[38;5;249mc[0m[38;5;249mt[0m[38;5;249m-[0m[38;5;249mi[0m[38;5;249mc[0m[38;5;249
mo[0m[38;5;249mn[0m[38;5;249ms[0m[38;5;249m/[0m[38;5;249ms[0m[38;5;249mi[0m[38;5;249m"[0m[38;5;249m;[0m
 [38;5;240m  Γöé[0m          ΓöÇΓöÇΓöÇΓöÇΓöÇΓöÇΓöÇΓöÇΓö¼ΓöÇΓöÇΓöÇΓöÇΓöÇΓöÇΓöÇ  
 [38;5;240m  Γöé[0m                  Γò░ΓöÇΓöÇΓöÇΓöÇΓöÇΓöÇΓöÇΓöÇΓöÇ Missing export
[38;5;246mΓöÇΓöÇΓöÇΓò»[0m

[31m[MISSING_EXPORT] Error:[0m "SiOracle" is not exported by "node_modules/react-icons/si/index.mjs".
   [38;5;246mΓò¡[0m[38;5;246mΓöÇ[0m[38;5;246m[[0m src/pages/Home/Home.jsx:6:28 [38;5;246m][0m
   [38;5;246mΓöé[0m
 [38;5;246m6 Γöé[0m 
[38;5;249mi[0m[38;5;249mm[0m[38;5;249mp[0m[38;5;249mo[0m[38;5;249mr[0m[38;5;249mt[0m[38;5;249m 
[0m[38;5;249m{[0m[38;5;249m [0m[38;5;249mS[0m[38;5;249mi[0m[38;5;249mA[0m[38;5;249md[0m[38;5;249mo[0m[3
8;5;249mb[0m[38;5;249me[0m[38;5;249mp[0m[38;5;249mh[0m[38;5;249mo[0m[38;5;249mt[0m[38;5;249mo[0m[38;5;249
ms[0m[38;5;249mh[0m[38;5;249mo[0m[38;5;249mp[0m[38;5;249m,[0m[38;5;249m 
[0mSiOracle[38;5;249m,[0m[38;5;249m [0m[38;5;249mS[0m[38;5;249mi[0m[38;5;249mF[0m[38;5;249mi[0m[38;5;249m
g[0m[38;5;249mm[0m[38;5;249ma[0m[38;5;249m [0m[38;5;249m}[0m[38;5;249m 
[0m[38;5;249mf[0m[38;5;249mr[0m[38;5;249mo[0m[38;5;249mm[0m[38;5;249m [0m[38;5;249m"[0m[38;5;249mr[0m[3
8;5;249me[0m[38;5;249ma[0m[38;5;249mc[0m[38;5;249mt[0m[38;5;249m-[0m[38;5;249mi[0m[38;5;249mc[0m[38;5;249
mo[0m[38;5;249mn[0m[38;5;249ms[0m[38;5;249m/[0m[38;5;249ms[0m[38;5;249mi[0m[38;5;249m"[0m[38;5;249m;[0m
 [38;5;240m  Γöé[0m                            ΓöÇΓöÇΓöÇΓöÇΓö¼ΓöÇΓöÇΓöÇ  
 [38;5;240m  Γöé[0m                                Γò░ΓöÇΓöÇΓöÇΓöÇΓöÇ Missing export
[38;5;246mΓöÇΓöÇΓöÇΓò»[0m
[31m
    at aggregateBindingErrorsIntoJsError 
(file:///C:/React-projects/my-portfilo/node_modules/rolldown/dist/shared/error-DL-e8-oE.mjs:48:18)
    at unwrapBindingResult 
(file:///C:/React-projects/my-portfilo/node_modules/rolldown/dist/shared/error-DL-e8-oE.mjs:18:128)
    at #build 
(file:///C:/React-projects/my-portfilo/node_modules/rolldown/dist/shared/rolldown-build-DSxL8qiP.mjs:3317:34)
    at async buildEnvironment 
(file:///C:/React-projects/my-portfilo/node_modules/vite/dist/node/chunks/node.js:33018:64)
    at async Object.build (file:///C:/React-projects/my-portfilo/node_modules/vite/dist/node/chunks/node.js:33440:19)
    at async Object.buildApp 
(file:///C:/React-projects/my-portfilo/node_modules/vite/dist/node/chunks/node.js:33437:153)
    at async CAC.<anonymous> (file:///C:/React-projects/my-portfilo/node_modules/vite/dist/node/cli.js:778:3) {
  errors: [Getter/Setter]
}[39m
